../Core/Src/main.c:208:6:SystemClock_Config	80	static
../Core/Src/main.c:530:6:HAL_ADC_ConvCpltCallback	0	static
../Core/Src/main.c:535:6:HAL_UART_RxCpltCallback	8	static
../Core/Src/main.c:548:5:_write	8	static
../Core/Src/main.c:554:10:micros	0	static
../Core/Src/main.c:558:6:FLASH_Words	12	static,ignoring_inline_asm
../Core/Src/main.c:566:7:diffval	16	static
../Core/Src/main.c:580:7:ampNdeg2val	48	static
../Core/Src/main.c:590:10:val2dacData	16	static
../Core/Src/main.c:598:6:flashWrite	2104	dynamic,bounded
../Core/Src/main.c:622:7:flashRead	2056	static
../Core/Src/main.c:630:6:processMenu	8	static,ignoring_inline_asm
../Core/Src/main.c:124:5:main	216	static
../Core/Src/main.c:693:6:printHelp	8	static
../Core/Src/main.c:729:6:Error_Handler	0	static
