../Core/Src/main.c:709:6:printHelp.part.0	16	static
../Core/Src/main.c:219:6:SystemClock_Config	80	static
../Core/Src/main.c:532:6:HAL_ADC_ConvCpltCallback	0	static
../Core/Src/main.c:537:6:HAL_UART_RxCpltCallback	8	static
../Core/Src/main.c:550:5:_write	8	static
../Core/Src/main.c:556:10:micros	0	static
../Core/Src/main.c:560:6:FLASH_Words	12	static,ignoring_inline_asm
../Core/Src/main.c:568:7:diffval	16	static
../Core/Src/main.c:582:7:ampNdeg2val	64	static
../Core/Src/main.c:598:10:val2dacData	16	static
../Core/Src/main.c:606:6:flashWrite	2104	dynamic,bounded
../Core/Src/main.c:630:7:flashRead	2064	static
../Core/Src/main.c:646:6:processMenu	8	static,ignoring_inline_asm
../Core/Src/main.c:131:5:main	200	static
../Core/Src/main.c:709:6:printHelp	8	static
../Core/Src/main.c:746:6:Error_Handler	0	static
